
****** xsim v2023.2 (64-bit)
  **** SW Build 4029153 on Fri Oct 13 20:13:54 MDT 2023
  **** IP Build 4028589 on Sat Oct 14 00:45:43 MDT 2023
  **** SharedData Build 4025554 on Tue Oct 10 17:18:54 MDT 2023
    ** Copyright 1986-2022 Xilinx, Inc. All Rights Reserved.
    ** Copyright 2022-2023 Advanced Micro Devices, Inc. All Rights Reserved.

source xsim.dir/cpu_sim/xsim_script.tcl
# xsim {cpu_sim} -testplusarg prog=/home/paul/work/fpga/Xilinx/artix7/MinimigAGA_TC64/sim/ddr3_cpu/run_mmumutant_ap040/prog.bin -testplusarg PATBYTES=1024 -testplusarg MISLINES=16 -testplusarg CNTN=64 -testplusarg TURBOCHIP=1 -testplusarg MMUTEST -autoloadwcfg -tclbatch {run.tcl}
Time resolution is 1 ps
source run.tcl
## run all
TCK_MIN =        2500
ddr3_cpu_tb.u_ram.file_io_open: at time                    0 WARNING: no +model_data option specified, using /tmp.
WARNING: Insufficient data from the input file for $fread
INFO: loaded 1634 bytes of 68k program from /home/paul/work/fpga/Xilinx/artix7/MinimigAGA_TC64/sim/ddr3_cpu/run_mmumutant_ap040/prog.bin
LOAD_MODE: bank 2
LOAD_MODE: bank 3
LOAD_MODE: bank 1
ddr3_cpu_tb.u_ram.cmd_task: at time 39935000.0 ps WARNING: Load Mode 1 DLL off mode is not fully modeled
LOAD_MODE: bank 0
INFO: CPU released at 64389167.0 ps (ddr_ready=1 init_done=1 pll_locked=1)
INFO: program phase 1 at 80335502.0 ps
INFO: program phase 2 at 840541102.0 ps

FAIL: no progress for 120000 cycles at phase 2 (t = 1898349917.0 ps).  A walk
      that never acknowledges, or a clkena stopped while the
      walker owns the bus, looks exactly like this.

DDR3 CPU TB: FAIL  the program stopped making progress (stall watchdog)
       last phase reached: 2

INFO: MMU walker program -- no pattern in the DDR3 to check

INFO: cache line fills -- 0 over the channel (0 of them undecoded, auto-completed), 0 down the adapter, 0 bus errors

DDR3 CPU TB: 1 checks failed

$finish called at time : 1898349917 ps : File "/home/paul/work/fpga/Xilinx/artix7/MinimigAGA_TC64/sim/ddr3_cpu/ddr3_cpu_tb.sv" Line 1256
run: Time (s): cpu = 00:00:01 ; elapsed = 00:08:55 . Memory (MB): peak = 1505.133 ; gain = 0.000 ; free physical = 14815 ; free virtual = 39442
## quit
INFO: xsimkernel Simulation Memory Usage: 150156 KB (Peak: 191036 KB), Simulation CPU Usage: 534480 ms
INFO: [Common 17-206] Exiting xsim at Wed Sep  9 08:27:19 2026...
