
****** xsim v2023.2 (64-bit)
  **** SW Build 4029153 on Fri Oct 13 20:13:54 MDT 2023
  **** IP Build 4028589 on Sat Oct 14 00:45:43 MDT 2023
  **** SharedData Build 4025554 on Tue Oct 10 17:18:54 MDT 2023
    ** Copyright 1986-2022 Xilinx, Inc. All Rights Reserved.
    ** Copyright 2022-2023 Advanced Micro Devices, Inc. All Rights Reserved.

source xsim.dir/cpu_sim/xsim_script.tcl
# xsim {cpu_sim} -testplusarg prog=/home/paul/work/fpga/Xilinx/artix7/MinimigAGA_TC64/sim/ddr3_cpu/run_mmu_ap040/prog.bin -testplusarg PATBYTES=1024 -testplusarg MISLINES=16 -testplusarg CNTN=64 -testplusarg TURBOCHIP=1 -testplusarg MMUTEST -autoloadwcfg -tclbatch {run.tcl}
Time resolution is 1 ps
source run.tcl
## run all
TCK_MIN =        2500
ddr3_cpu_tb.u_ram.file_io_open: at time                    0 WARNING: no +model_data option specified, using /tmp.
WARNING: Insufficient data from the input file for $fread
INFO: loaded 1634 bytes of 68k program from /home/paul/work/fpga/Xilinx/artix7/MinimigAGA_TC64/sim/ddr3_cpu/run_mmu_ap040/prog.bin
LOAD_MODE: bank 2
LOAD_MODE: bank 3
LOAD_MODE: bank 1
ddr3_cpu_tb.u_ram.cmd_task: at time 39935000.0 ps WARNING: Load Mode 1 DLL off mode is not fully modeled
LOAD_MODE: bank 0
INFO: CPU released at 64389167.0 ps (ddr_ready=1 init_done=1 pll_locked=1)
INFO: program phase 1 at 75363842.0 ps
INFO: program phase 2 at 580119557.0 ps
INFO: program phase 3 at 583901192.0 ps
INFO: program phase 4 at 589560422.0 ps
INFO: program phase 5 at 599107067.0 ps
INFO: program phase 6 at 613678262.0 ps
INFO: program phase 7 at 625710737.0 ps
INFO: program phase 8 at 628513907.0 ps

DDR3 CPU TB: PASS  (68k program completed all phases)

INFO: MMU walker program -- no pattern in the DDR3 to check

INFO: cache line fills -- 4 over the channel (0 of them undecoded, auto-completed), 2 down the adapter, 0 bus errors
INFO: SDRAM port -- 2838 reads completed out of the modelled line buffer, select idle

DDR3 CPU TB: 2 passed, 0 failed

$finish called at time : 629333702 ps : File "/home/paul/work/fpga/Xilinx/artix7/MinimigAGA_TC64/sim/ddr3_cpu/ddr3_cpu_tb.sv" Line 1651
run: Time (s): cpu = 00:00:00.32 ; elapsed = 00:02:54 . Memory (MB): peak = 1316.727 ; gain = 0.000 ; free physical = 17448 ; free virtual = 40422
## quit
INFO: xsimkernel Simulation Memory Usage: 150268 KB (Peak: 191148 KB), Simulation CPU Usage: 174380 ms
INFO: [Common 17-206] Exiting xsim at Thu Sep 10 18:53:24 2026...
