
****** xsim v2023.2 (64-bit)
  **** SW Build 4029153 on Fri Oct 13 20:13:54 MDT 2023
  **** IP Build 4028589 on Sat Oct 14 00:45:43 MDT 2023
  **** SharedData Build 4025554 on Tue Oct 10 17:18:54 MDT 2023
    ** Copyright 1986-2022 Xilinx, Inc. All Rights Reserved.
    ** Copyright 2022-2023 Advanced Micro Devices, Inc. All Rights Reserved.

source xsim.dir/cpu_sim/xsim_script.tcl
# xsim {cpu_sim} -testplusarg prog=/home/paul/work/fpga/Xilinx/artix7/MinimigAGA_TC64/sim/ddr3_cpu/run_fillmutant_ap040/prog.bin -testplusarg PATBYTES=1024 -testplusarg MISLINES=16 -testplusarg CNTN=64 -testplusarg TURBOCHIP=1 -autoloadwcfg -tclbatch {run.tcl}
Time resolution is 1 ps
source run.tcl
## run all
TCK_MIN =        2500
ddr3_cpu_tb.u_ram.file_io_open: at time                    0 WARNING: no +model_data option specified, using /tmp.
WARNING: Insufficient data from the input file for $fread
INFO: loaded 2192 bytes of 68k program from /home/paul/work/fpga/Xilinx/artix7/MinimigAGA_TC64/sim/ddr3_cpu/run_fillmutant_ap040/prog.bin
LOAD_MODE: bank 2
LOAD_MODE: bank 3
LOAD_MODE: bank 1
ddr3_cpu_tb.u_ram.cmd_task: at time 39935000.0 ps WARNING: Load Mode 1 DLL off mode is not fully modeled
LOAD_MODE: bank 0
INFO: CPU released at 64389167.0 ps (ddr_ready=1 init_done=1 pll_locked=1)
INFO: program phase 1 at 74147372.0 ps
INFO: program phase 2 at 447471437.0 ps

DDR3 CPU TB: FAIL code 2  pattern read-back, BYTE load
       first mismatch address : 41000000
       expected               : 000000c0
       got                    : 00000000
       last phase reached     : 2

INFO: checking the DDR3 array through the Micron model backdoor
       DRAM mismatch at 41001002: expected beef got 32e0
       DRAM mismatch at 41001006: expected beef got 0000
       DRAM mismatch at 41001008: expected 0001 got c0de
       DRAM mismatch at 4100100a: expected beef got 00fe
       DRAM mismatch at 4100100c: expected 0002 got c0de
       DRAM mismatch at 4100100e: expected beef got 00ff
       DRAM mismatch at 41001010: expected 0003 got ZZXX
       DRAM mismatch at 41001012: expected beef got 32e0
FAIL: DDR3 array contents wrong in 270 places (independent backdoor read)

INFO: cache line fills -- 1 over the channel (0 of them undecoded, auto-completed), 0 down the adapter, 0 bus errors
DDR3 CPU TB: FAIL  the cacheable read of the undecoded Zorro III hole did not
       take a line fill over the channel

DDR3 CPU TB: 3 checks failed

$finish called at time : 453527342 ps : File "/home/paul/work/fpga/Xilinx/artix7/MinimigAGA_TC64/sim/ddr3_cpu/ddr3_cpu_tb.sv" Line 1307
run: Time (s): cpu = 00:00:00.26 ; elapsed = 00:02:08 . Memory (MB): peak = 1316.727 ; gain = 0.000 ; free physical = 15206 ; free virtual = 40702
## quit
INFO: xsimkernel Simulation Memory Usage: 150164 KB (Peak: 191044 KB), Simulation CPU Usage: 127960 ms
INFO: [Common 17-206] Exiting xsim at Wed Sep  9 16:09:44 2026...
