
****** xsim v2023.2 (64-bit)
  **** SW Build 4029153 on Fri Oct 13 20:13:54 MDT 2023
  **** IP Build 4028589 on Sat Oct 14 00:45:43 MDT 2023
  **** SharedData Build 4025554 on Tue Oct 10 17:18:54 MDT 2023
    ** Copyright 1986-2022 Xilinx, Inc. All Rights Reserved.
    ** Copyright 2022-2023 Advanced Micro Devices, Inc. All Rights Reserved.

source xsim.dir/cpu_sim/xsim_script.tcl
# xsim {cpu_sim} -testplusarg prog=/home/paul/work/fpga/Xilinx/artix7/MinimigAGA_TC64/sim/ddr3_cpu/run_mutant/prog.bin -testplusarg PATBYTES=1024 -testplusarg MISLINES=16 -testplusarg CNTN=64 -autoloadwcfg -tclbatch {run.tcl}
Time resolution is 1 ps
source run.tcl
## run all
TCK_MIN =        2500
ddr3_cpu_tb.u_ram.file_io_open: at time                    0 WARNING: no +model_data option specified, using /tmp.
WARNING: Insufficient data from the input file for $fread
INFO: loaded 1794 bytes of 68k program from /home/paul/work/fpga/Xilinx/artix7/MinimigAGA_TC64/sim/ddr3_cpu/run_mutant/prog.bin
LOAD_MODE: bank 2
LOAD_MODE: bank 3
LOAD_MODE: bank 1
ddr3_cpu_tb.u_ram.cmd_task: at time 39935000.0 ps WARNING: Load Mode 1 DLL off mode is not fully modeled
LOAD_MODE: bank 0
INFO: CPU released at 64389167.0 ps (ddr_ready=1 init_done=1 pll_locked=1)
INFO: program phase 1 at 67042482.0 ps
INFO: program phase 2 at 212172642.0 ps

DDR3 CPU TB: FAIL code 2  pattern read-back, BYTE load
       first mismatch address : 40000000
       expected               : 000000c0
       got                    : 00000000
       last phase reached     : 2

INFO: checking the DDR3 array through the Micron model backdoor
       DRAM mismatch at 40000042: expected 0010 got 000a
       DRAM mismatch at 40000046: expected 0011 got 000b
       DRAM mismatch at 4000004a: expected 0012 got 000c
       DRAM mismatch at 4000004e: expected 0013 got 000c
       DRAM mismatch at 40000052: expected 0014 got 000c
       DRAM mismatch at 40000056: expected 0015 got 000d
       DRAM mismatch at 4000005a: expected 0016 got 000e
       DRAM mismatch at 4000005e: expected 0017 got 000f
FAIL: DDR3 array contents wrong in 439 places (independent backdoor read)

DDR3 CPU TB: 2 checks failed

$finish called at time : 215240262 ps : File "/home/paul/work/fpga/Xilinx/artix7/MinimigAGA_TC64/sim/ddr3_cpu/ddr3_cpu_tb.sv" Line 742
run: Time (s): cpu = 00:00:01 ; elapsed = 00:02:55 . Memory (MB): peak = 1441.133 ; gain = 91.039 ; free physical = 9260 ; free virtual = 31874
## quit
INFO: xsimkernel Simulation Memory Usage: 147564 KB (Peak: 188444 KB), Simulation CPU Usage: 167760 ms
INFO: [Common 17-206] Exiting xsim at Sat Sep  5 16:09:36 2026...
