
****** xsim v2023.2 (64-bit)
  **** SW Build 4029153 on Fri Oct 13 20:13:54 MDT 2023
  **** IP Build 4028589 on Sat Oct 14 00:45:43 MDT 2023
  **** SharedData Build 4025554 on Tue Oct 10 17:18:54 MDT 2023
    ** Copyright 1986-2022 Xilinx, Inc. All Rights Reserved.
    ** Copyright 2022-2023 Advanced Micro Devices, Inc. All Rights Reserved.

source xsim.dir/cpu_sim/xsim_script.tcl
# xsim {cpu_sim} -testplusarg prog=/home/paul/work/fpga/Xilinx/artix7/MinimigAGA_TC64/sim/ddr3_cpu/run_snoopmutant_ap040/prog.bin -testplusarg PATBYTES=1024 -testplusarg MISLINES=16 -testplusarg CNTN=64 -testplusarg TURBOCHIP=1 -testplusarg SNOOP -autoloadwcfg -tclbatch {run.tcl}
Time resolution is 1 ps
source run.tcl
## run all
TCK_MIN =        2500
ddr3_cpu_tb.u_ram.file_io_open: at time                    0 WARNING: no +model_data option specified, using /tmp.
WARNING: Insufficient data from the input file for $fread
INFO: loaded 2192 bytes of 68k program from /home/paul/work/fpga/Xilinx/artix7/MinimigAGA_TC64/sim/ddr3_cpu/run_snoopmutant_ap040/prog.bin
LOAD_MODE: bank 2
LOAD_MODE: bank 3
LOAD_MODE: bank 1
ddr3_cpu_tb.u_ram.cmd_task: at time 39935000.0 ps WARNING: Load Mode 1 DLL off mode is not fully modeled
LOAD_MODE: bank 0
INFO: CPU released at 64389167.0 ps (ddr_ready=1 init_done=1 pll_locked=1)
INFO: snoop address out of order at 64953327.0 ps -- core saw 00000830, expected 00000810 (gap 16)
INFO: snoop address out of order at 65164887.0 ps -- core saw 00000870, expected 00000820 (gap 16)
INFO: snoop address out of order at 65191332.0 ps -- core saw 00000880, expected 00000830 (gap 16)
INFO: snoop address out of order at 65217777.0 ps -- core saw 00000890, expected 00000840 (gap 8)
INFO: snoop address out of order at 65244222.0 ps -- core saw 000008a0, expected 00000850 (gap 8)
INFO: snoop address out of order at 65270667.0 ps -- core saw 000008b0, expected 00000860 (gap 4)
INFO: snoop address out of order at 65693787.0 ps -- core saw 000008e0, expected 00000870 (gap 4)
INFO: snoop address out of order at 65905347.0 ps -- core saw 00000900, expected 00000880 (gap 3)
INFO: program phase 1 at 73486247.0 ps
INFO: program phase 2 at 424702292.0 ps
INFO: program phase 3 at 1202581967.0 ps
INFO: program phase 4 at 1356359642.0 ps
INFO: program phase 5 at 1374553802.0 ps
INFO: program phase 7 at 1600341212.0 ps
INFO: program phase 8 at 1626468872.0 ps

DDR3 CPU TB: PASS  (68k program completed all phases)

INFO: checking the DDR3 array through the Micron model backdoor
PASS: DDR3 array contents match the pattern (independent backdoor read)

INFO: cache line fills -- 147 over the channel (1 of them undecoded, auto-completed), 5 down the adapter, 0 bus errors
INFO: SDRAM port -- 9394 reads completed out of the modelled line buffer, select idle

INFO: 14184 snoop(s) were still in flight when the program ended (the free-running
INFO:   generator issues up to the last clk edge); tallied after a 12-cycle drain
INFO: chipset snoops -- 21276 issued (7092/7092/7092 in clk phase 0/1/2), 7092 seen by the core, 7092 invalidated a cache set
INFO:   gap 16 clk cycles           (the hardware minimum) -- 7092 issued, 2361 seen
INFO:   gap  8 clk cycles (tighter than hardware can make) -- 3546 issued, 1184 seen
INFO:   gap  4 clk cycles (tighter than hardware can make) -- 3546 issued, 1184 seen
INFO:   gap  3 clk cycles (tighter than hardware can make) -- 7092 issued, 2363 seen
INFO:   gap  2 clk cycles (tighter than hardware can make) -- 0 issued, 0 seen
INFO:   6944 snoop addresses reached the core out of order (a merge loses the first address)
DDR3 CPU TB: FAIL  6944 snoop addresses were delivered out of order -- the hold merged snoops
DDR3 CPU TB: FAIL  14184 of 21276 chipset snoops never reached the core.
       snoop_act is one clk cycle wide and the kernel is on clk_cpu, so a raw
       pulse is only sampled when it lands in the one cycle in three before a
       clk_cpu edge; the wrapper has to hold it (TG68K.vhd, snp_stb_held).
       A lost snoop is a stale data-cache line after chipset DMA -- silent
       corruption, never a hang, which is why nothing else here would see it.

DDR3 CPU TB: 2 checks failed

$finish called at time : 1627420892 ps : File "/home/paul/work/fpga/Xilinx/artix7/MinimigAGA_TC64/sim/ddr3_cpu/ddr3_cpu_tb.sv" Line 1670
run: Time (s): cpu = 00:00:01 ; elapsed = 00:08:37 . Memory (MB): peak = 1316.727 ; gain = 0.000 ; free physical = 16795 ; free virtual = 39854
## quit
INFO: xsimkernel Simulation Memory Usage: 150268 KB (Peak: 191148 KB), Simulation CPU Usage: 516280 ms
INFO: [Common 17-206] Exiting xsim at Thu Sep 10 19:45:20 2026...
