
****** xsim v2023.2 (64-bit)
  **** SW Build 4029153 on Fri Oct 13 20:13:54 MDT 2023
  **** IP Build 4028589 on Sat Oct 14 00:45:43 MDT 2023
  **** SharedData Build 4025554 on Tue Oct 10 17:18:54 MDT 2023
    ** Copyright 1986-2022 Xilinx, Inc. All Rights Reserved.
    ** Copyright 2022-2023 Advanced Micro Devices, Inc. All Rights Reserved.

source xsim.dir/full_sim/xsim_script.tcl
# xsim {full_sim} -autoloadwcfg -tclbatch {run.tcl}
Time resolution is 1 ps
source run.tcl
## run all
TCK_MIN =        2500
ddr3_full_tb.u_ram.file_io_open: at time                    0 WARNING: no +model_data option specified, using /tmp.
LOAD_MODE: bank 2
LOAD_MODE: bank 3
LOAD_MODE: bank 1
ddr3_full_tb.u_ram.cmd_task: at time 39935.000 ns WARNING: Load Mode 1 DLL off mode is not fully modeled
LOAD_MODE: bank 0
INFO: ddr_ready at 64212.867 ns (7265 sysclk after reset release), init_done=1 pll_locked=1
PASS: (a) island init and cache reset complete, ddr_ready high
PASS: (b) fills, hits, evictions and re-fills across 4 lines of one set
PASS: (c) byte-masked 16-bit and 32-bit writes, cache and DRAM
INFO: (d) 100/500 at 151349.142 ns, 0 mismatches so far
INFO: (d) 200/500 at 179856.852 ns, 0 mismatches so far
INFO: (d) 300/500 at 208355.747 ns, 0 mismatches so far
INFO: (d) 400/500 at 239331.657 ns, 0 mismatches so far
INFO: (d) 500/500 at 270898.172 ns, 0 mismatches so far
PASS: (d) 500 random accesses + 250-read sweep vs the reference model
INFO: (e) shortest chip-select to chip-select spacing: 4 sysclk (wrapper minimum is 4)
PASS: (e) back-to-back accesses at the wrapper's real cadence
PASS: (f) island port protocol: alignment, stability, one request in flight

DDR3 FULL TB: 6 passed, 0 failed
$finish called at time : 395462937 ps : File "/home/paul/work/fpga/Xilinx/artix7/MinimigAGA_TC64/sim/ddr3_full/ddr3_full_tb.sv" Line 629
run: Time (s): cpu = 00:00:02 ; elapsed = 00:05:59 . Memory (MB): peak = 1441.133 ; gain = 91.039 ; free physical = 12205 ; free virtual = 27844
## quit
INFO: xsimkernel Simulation Memory Usage: 143020 KB (Peak: 188000 KB), Simulation CPU Usage: 286470 ms
INFO: [Common 17-206] Exiting xsim at Fri Sep  4 23:56:36 2026...
